rewired
path + fail-closed owner check installed
rules + opaque id installed
uniqueness guard + controls added
controls now derive the scored set
loader/call-packet/result binder added
bindings, controls, prompt paths and max budget wired
validate_merged added
raw filename defect fixed
launch section rewritten
cleaned
builder fixes applied
order check simplified
accounting echo + re-derivation added
half-publication slot now refuses
lifecycle + state-audit fixes applied
per-lane lifecycle installed
external approval carried through
duplicate init removed
delegation wired
cleaned
expect carries the digest
builder: batch_ids bound, full returned row kept
publisher and audit rewired
inlined
implementation inserted
validate_merged is now the relation-to-credit owner
deleted render..reconcile            4338 bytes
deleted batches                      1198 bytes
deleted RULES block                  1628 bytes
rewired
freeze rewired to event groups
audit detail + terminal categories added
build owner patched
a7_g1_build rewired: live_key + shared card
index translation named
all prior spend accounted
task-kind seam added
reconciliation scoped to the segment
materialize now emits the one trace
caller passes the real arm names
segment-scoped reconciler deleted
effective_slots carries every saved attempt
one attempt-complete row per scheduled slot
raw_path stays the run path it always was
a7_g1_build threaded, parses OK
internal calls pass the identity
a zero-call run is uncalled, not broken
inventory fails closed by name
A5 in scope
g1 freeze fails closed
every retry state named
docstring no longer names a typed total
run_of rederives and exact-compares
run_of rederives without re-gating the era
questions passes the run to its card lookup
G1 consumes the one ledger owner
one materialization per validated run
a7_g23_build.py             65754 recorded-file-write  ok       e1afeb92d21c89d8
a7_g23_build.py             65767 recorded-file-write  ok       3feea1442687e15d
a7_g23_build.py             65797 recorded-file-write  ok       97e0e2f1ce73209f
a7_g23_build.py             65836 read-only(raised)    ok       97e0e2f1ce73209f
g23 owner: five-field text corrected, route instant now the frozen one
a7_g23_build.py             66620 recorded-file-write  ok       05905b4f26e7afe5
aspect definitions added, output example is a real JSON object
a7_g23_build.py             66918 applied              ok       aae7f4528bb2d1f0
a7_g23_build.py             66924 recorded-file-write  ok       02fb2ad174b219b5
total unintended changes: 0
a7_g23_build.py             67355 recorded-file-write  ok       b71705d3342922d0
detector now ignores the source's own wording
a7_g23_build.py             67360 applied              ok       e9f870cb49be3527
G2: raw evidence on the authority side; parser strict by identity
a7_g23_build.py             67370 applied              ok       886cf83675ef2703
a7_g23_build.py             67375 recorded-file-write  ok       82ac24bd1ab3a8fe
a7_g23_build.py             67385 recorded-file-write  ok       d896d3c183d15f04
packing distinctness is now the SOURCE EVENT
a7_g23_build.py             67395 applied              ok       86971caa94ca30dd
a7_g23_build.py             67457 recorded-file-write  ok       85f8cd6291033d61
reference card replaces quote-only, with a structural whitelist
a7_g23_build.py             67574 applied              ok       bd6590ba6fbb6c69
a7_g23_build.py             67661 recorded-file-write  ok       b278150d1ff05942
the card now reads the frozen inventory by exact row identity
a7_g23_build.py             67833 applied              ok       5f089336205ec01a
non_unique_cards updated
a7_g23_build.py             67843 applied              ok       faca71c602542c7b
a7_g23_build.py             67919 read-only(raised)    ok       faca71c602542c7b
a7_g23_build.py             67937 read-only(raised)    ok       faca71c602542c7b
citations stripped
a7_g23_build.py             68009 applied              ok       924d6ebf689745cd
door tightened
a7_g23_build.py             68034 applied              ok       dcfe52accffc4c55
batch_packet added
a7_g23_build.py             68301 applied              ok       36295fd83672cc98
  OK a7_g23_build.py
G3 keeps each question with its own event's cards
a7_g23_build.py             69568 applied              ok       4c7f1f96ded95d62
a7_g23_build.py             69638 read-only(raised)    ok       4c7f1f96ded95d62
serving path now validates
a7_g23_build.py             69651 applied              ok       7ed2f4ebb4c9a208
rewired a7_g23_build.py
a7_g23_build.py             70321 applied              ok       83f32d3b1012d3e6
a7_g23_build.py             70467 applied              ok       a6a315d321cf920c
a7_g23_build.py             70638 applied              ok       db5e4d96785e0f78
g23_build threaded (signatures)
a7_g23_build.py             73642 applied              ok       20574724a2539c1b
run threaded to every reference_card site
a7_g23_build.py             73645 applied              ok       04b4f229e436bd48
precall_unresolved threaded
a7_g23_build.py             73656 applied              ok       200c58764adb9e86
preflight_problems threaded
a7_g23_build.py             73663 applied              ok       b7bbd5508e9156df
official scoring entry added
a7_g23_build.py             73955 applied              ok       6ad56ec121b368bd
population comes from the frozen candidate
a7_g23_build.py             74229 applied              ok       9fe662c376e38f15
inventory revalidates before the cache lookup
a7_g23_build.py             74294 applied              ok       f0a03f8df180faaf
inventory passes the identity
a7_g23_build.py             74304 applied              ok       acf9a0c0a6c4ede7
sources are locations and hashes only
a7_g23_build.py             74414 applied              ok       091f01cdcf34941c
official scorer derives its own inputs
a7_g23_build.py             74424 applied              ok       3e96123d54667ea3
official entry routes once into its own audit
a7_g23_build.py             74525 applied              ok       c7a94404a43c39ce
official maps derive from the root
a7_g23_build.py             75160 applied              ok       be73e6a5753f9b19
G1 resolution derives from its approved lifecycle
a7_g23_build.py             75180 applied              ok       5c7ab2f157ee6404
relations derived through their owner
a7_g23_build.py             75213 applied              ok       0882ec868d6ef848
ok: score_leg_official reuses the derived route
a7_g23_build.py             75315 applied              ok       94f28c41f36e8e30
ok: G1 becomes required
ok: the required kinds gate
ok: the absent-G1 refusal, before any grader work
a7_g23_build.py             75912 applied              ok       d1348bb0a302b63e
ok: the saved completion supplies the external expectations
ok: the whole completion is exact-compared
ok: official_resolution binds the producer before resolving
a7_g23_build.py             75917 applied              ok       07d0385910141bf4
official_resolution corrected
new sha: 4a5e62063e0846753f68387d59778c84caadb8c04a5a59e5f073cb0c52dde18b
a7_g23_build.py             76381 applied              ok       4a5e62063e084675
a7_g23_build.py             76425 read-only(raised)    ok       4a5e62063e084675
a7_g23_build.py             76430 read-only(raised)    ok       4a5e62063e084675
recovered 1 source files; applied=33, read-only=62, read-only(raised)=6, recorded-file-write=10; 49 unique tool ids
