ok   build_final_candidate        rc=0  1130.2s
builder c9235c77fb018b22b7c54d7058c4bb8b54338df89800ebf29438433b937d4ab4  15635 bytes
key_identity.json            df5f8bbca0c052242a174f0805d6129d8dfd869f7db1af1d3d33a545fab094ca
sidecar.json                 e07ab7d05ce7a53f82bc0dd9eaad5615231c6f6cd743ebf6f7c402c0f11f7a84
provenance.json              c17a37a4076cfba2b59881b87fee04021eaafcac59c58b52efd7f21ab94d453a
validator_receipt.json       a0e7c9d795fb52e0c5a9c9d59abfdb45d0203d999c27f652bc2a1e45932424dd
signer_prompt.txt            04154f1b1bc282e58512d7bf75e1185e9c9644b1f3ee2515476703b3cc68688f
final_sign.attempt1.js       7b190f48b8d7d6bfbe97d4b20f953926c682d6caf33a319a692137bb67579969
signer.manifest.json         45875261763f310ce43e68729b22e63fe764e9acfe34c6f731fff5058ef5e87d
full_counts {"events": 36, "rows": 196, "unique_rows": 196, "replaced": 11, "preserved": 185, "untouched_events": 28, "untouched_rows": 149, "affected_events": 8, "affected_unchanged_rows": 36}
open_issues 0 tags_below_floor [] rows_accounted 196
signer prompt bytes 460782 script bytes 497823 shards 44 budget {"before": 5219, "primaries": 1, "retry_cap": 1, "after_clean": 5220, "worst": 5221, "ceiling": 6000}
   key_identity.json                                          df5f8bbca0c05224
   provenance.json                                            c17a37a4076cfba2
   sidecar.json                                               e07ab7d05ce7a53f
   validator_receipt.json                                     a0e7c9d795fb52e0
   signer/final_sign.attempt1.js                              7b190f48b8d7d6bf
   signer/signer.manifest.json                                45875261763f310c
   signer/signer_prompt.txt                                   04154f1b1bc282e5
verify problems: []
BUILD_CANDIDATE_OK
kept a4_final_targeted_corr2_run_1506__finalization.json  ee6aaa97556b1aa5      4203 B
kept a4_final_targeted_corr2_run_1506__raw__0000940944-26-000009.attempt1.proved.json f6cccb2ceb6013c4      4309 B
kept a4_final_targeted_corr2_run_1506__raw__0001041061-25-000109.attempt1.proved.json e505c3f8862b19b6      3808 B
kept a4_final_targeted_corr2_run_1506__raw__wf_278b18c7-f5e.000.raw.json f6cccb2ceb6013c4      4309 B
kept a4_final_targeted_corr2_run_1506__raw__wf_d85a10dc-da0.000.raw.json e505c3f8862b19b6      3808 B
kept a4_final_targeted_corr2_run_1506__receipt.json       281811031aeb9a50      4442 B
kept a4_final_targeted_corr2_run_1506__scripts__0000940944-26-000009.attempt1.js dc4ecc1cc96b4786    121124 B
kept a4_final_targeted_corr2_run_1506__scripts__0001041061-25-000109.attempt1.js a00ae8761d033f1a    176783 B
kept a4_final_targeted_corr3_run_1509__finalization.json  603be212f3320a21      4501 B
kept a4_final_targeted_corr3_run_1509__raw__0001041061-25-000109.attempt1.proved.json 82aeee0afe5c1bcb      4849 B
kept a4_final_targeted_corr3_run_1509__raw__0001171843-26-001288.attempt1.proved.json 3a05f89560ad3428      2626 B
kept a4_final_targeted_corr3_run_1509__raw__wf_353e5904-0ad.000.raw.json 3a05f89560ad3428      2626 B
kept a4_final_targeted_corr3_run_1509__raw__wf_a082a079-d01.000.raw.json 82aeee0afe5c1bcb      4849 B
kept a4_final_targeted_corr3_run_1509__receipt.json       268f55910d888ced      4740 B
kept a4_final_targeted_corr3_run_1509__scripts__0001041061-25-000109.attempt1.js d10dcee044b09a8f    177035 B
kept a4_final_targeted_corr3_run_1509__scripts__0001171843-26-001288.attempt1.js c8f5d5411e3d349b     91782 B
kept a4_final_targeted_corr_run_1504__finalization.json   8041152380a54837      4452 B
kept a4_final_targeted_corr_run_1504__raw__0000006201-26-000031.attempt1.proved.json 5830799f73dfa2dd      6187 B
kept a4_final_targeted_corr_run_1504__raw__0000027904-26-000022.attempt1.proved.json 6d5dbc14c687d9a6      2676 B
kept a4_final_targeted_corr_run_1504__raw__0000940944-26-000005.attempt1.proved.json f71fe0806e1c6ee4      3709 B
kept a4_final_targeted_corr_run_1504__raw__0000940944-26-000009.attempt1.proved.json 0640e0d20d2fe2b3      5546 B
kept a4_final_targeted_corr_run_1504__raw__0001041061-25-000109.attempt1.proved.json 60ca6226c7c551a5      6443 B
kept a4_final_targeted_corr_run_1504__raw__wf_4cc5df7d-359.000.raw.json 0640e0d20d2fe2b3      5546 B
kept a4_final_targeted_corr_run_1504__raw__wf_5430b5a9-717.000.raw.json 5830799f73dfa2dd      6187 B
kept a4_final_targeted_corr_run_1504__raw__wf_76b1dc18-be9.000.raw.json f71fe0806e1c6ee4      3709 B
kept a4_final_targeted_corr_run_1504__raw__wf_c867aeaf-1e3.000.raw.json 60ca6226c7c551a5      6443 B
kept a4_final_targeted_corr_run_1504__raw__wf_f8d0d343-efe.000.raw.json 6d5dbc14c687d9a6      2676 B
kept a4_final_targeted_corr_run_1504__receipt.json        e71d301ff2363882      5177 B
kept a4_final_targeted_corr_run_1504__scripts__0000006201-26-000031.attempt1.js e7851ce05cc86821    118798 B
kept a4_final_targeted_corr_run_1504__scripts__0000027904-26-000022.attempt1.js 107049a4c96c869b    108180 B
kept a4_final_targeted_corr_run_1504__scripts__0000940944-26-000005.attempt1.js 07e44cbb49315684     97041 B
kept a4_final_targeted_corr_run_1504__scripts__0000940944-26-000009.attempt1.js 2dca51f553ec8d3c    122639 B
kept a4_final_targeted_corr_run_1504__scripts__0001041061-25-000109.attempt1.js 2af834b32a91a71f    175584 B
kept a4_final_targeted_run_1500__finalization.json        88489e750de6f66c      3876 B
kept a4_final_targeted_run_1500__raw__0000006201-26-000031.attempt1.proved.json aa3717ead3d4c03c      9011 B
kept a4_final_targeted_run_1500__raw__0000027904-26-000022.attempt1.proved.json 66fcbe94169462bc      3041 B
kept a4_final_targeted_run_1500__raw__0000092380-26-000044.attempt1.proved.json 1b6d49948d1202d2      3008 B
kept a4_final_targeted_run_1500__raw__0000940944-26-000005.attempt1.proved.json 57eb032c6e72bf8d      5937 B
kept a4_final_targeted_run_1500__raw__0000940944-26-000009.attempt1.proved.json 245b76ed580e88e9      7215 B
kept a4_final_targeted_run_1500__raw__0001041061-25-000109.attempt1.proved.json 8e97ed4089fbd749      5899 B
kept a4_final_targeted_run_1500__raw__0001104659-26-027061.attempt1.proved.json fdc0091e4f1703fc      2951 B
kept a4_final_targeted_run_1500__raw__0001171843-26-001288.attempt1.proved.json be0a31ac09bb5442      3433 B
kept a4_final_targeted_run_1500__raw__wf_24ff384d-b7a.000.raw.json fdc0091e4f1703fc      2951 B
kept a4_final_targeted_run_1500__raw__wf_34958e49-61b.000.raw.json 1b6d49948d1202d2      3008 B
kept a4_final_targeted_run_1500__raw__wf_35c2a22f-8a3.000.raw.json aa3717ead3d4c03c      9011 B
kept a4_final_targeted_run_1500__raw__wf_382023ae-795.000.raw.json be0a31ac09bb5442      3433 B
kept a4_final_targeted_run_1500__raw__wf_829e84c9-e3a.000.raw.json 245b76ed580e88e9      7215 B
kept a4_final_targeted_run_1500__raw__wf_9f9f3383-169.000.raw.json 8e97ed4089fbd749      5899 B
kept a4_final_targeted_run_1500__raw__wf_f2089dc7-25a.000.raw.json 57eb032c6e72bf8d      5937 B
kept a4_final_targeted_run_1500__raw__wf_f6167dce-72e.000.raw.json 66fcbe94169462bc      3041 B
kept a4_final_targeted_run_1500__receipt.json             937a766698be672f      5087 B
kept a4_final_targeted_run_1500__scripts__0000006201-26-000031.attempt1.js 118119efca1db761    124979 B
kept a4_final_targeted_run_1500__scripts__0000027904-26-000022.attempt1.js ad706e865650e8a4    109428 B
kept a4_final_targeted_run_1500__scripts__0000092380-26-000044.attempt1.js 5ce44ff83cc53e8f    113584 B
kept a4_final_targeted_run_1500__scripts__0000940944-26-000005.attempt1.js ccbe0d8cac6ebfd8     94774 B
kept a4_final_targeted_run_1500__scripts__0000940944-26-000009.attempt1.js e40547e6d6eb6dfc    122059 B
kept a4_final_targeted_run_1500__scripts__0001041061-25-000109.attempt1.js 4da4752b71e206a7    177880 B
kept a4_final_targeted_run_1500__scripts__0001104659-26-027061.attempt1.js b4bdbb270107447d     98951 B
kept a4_final_targeted_run_1500__scripts__0001171843-26-001288.attempt1.js ccfca6de82c25208     89178 B
kept a4_hard_review_run_1495__finalization.json           9490b80e038e76ed      3788 B
kept a4_hard_review_run_1495__raw__hrt-000_b1.attempt1.proved.json 9d3b7b94d3779f6c       988 B
kept a4_hard_review_run_1495__raw__hrt-000_b2.attempt1.proved.json 9d3b7b94d3779f6c       988 B
kept a4_hard_review_run_1495__raw__hrt-001_b1.attempt1.proved.json 2918c1744704d2c7      1165 B
kept a4_hard_review_run_1495__raw__hrt-001_b2.attempt1.proved.json 4d292efe999b69f5       923 B
kept a4_hard_review_run_1495__raw__hrt-002_b1.attempt1.proved.json 3e4c994459378525       922 B
kept a4_hard_review_run_1495__raw__hrt-002_b2.attempt1.proved.json 1d521dd590a95cd0       922 B
kept a4_hard_review_run_1495__raw__hrt-003_b1.attempt1.proved.json bbc5140e7d06ede4       957 B
kept a4_hard_review_run_1495__raw__hrt-003_b2.attempt1.proved.json d162f3cd953cef37       946 B
kept a4_hard_review_run_1495__raw__hrt-004_b1.attempt1.proved.json 06fa53b97e7e059d       936 B
kept a4_hard_review_run_1495__raw__hrt-004_b2.attempt1.proved.json 61ca8964370fc314       926 B
kept a4_hard_review_run_1495__raw__hrt-005_b1.attempt1.proved.json b606d11f691c270a       935 B
kept a4_hard_review_run_1495__raw__hrt-005_b2.attempt1.proved.json 22ef493bda16e8ff       935 B
kept a4_hard_review_run_1495__raw__hrt-006_b1.attempt1.proved.json b73eeff680d34cc5       976 B
kept a4_hard_review_run_1495__raw__hrt-006_b2.attempt1.proved.json 2736847d24d21c96       993 B
kept a4_hard_review_run_1495__raw__hrt-007_b1.attempt1.proved.json 37fce62853308de8       768 B
kept a4_hard_review_run_1495__raw__hrt-007_b2.attempt1.proved.json d0044bda54369173       953 B
kept a4_hard_review_run_1495__raw__hrt-008_b1.attempt1.proved.json 291ad87f05e5dbf7      1945 B
kept a4_hard_review_run_1495__raw__hrt-008_b2.attempt1.proved.json 86aae1ab4094fbb9      1821 B
kept a4_hard_review_run_1495__raw__hrt-009_b1.attempt1.proved.json 380b766efa6dab87       922 B
kept a4_hard_review_run_1495__raw__hrt-009_b2.attempt1.proved.json 0d3c6d30b1acac9f       926 B
kept a4_hard_review_run_1495__raw__hrt-010_b1.attempt1.proved.json 00e22534faab5da7      1066 B
kept a4_hard_review_run_1495__raw__hrt-010_b2.attempt1.proved.json c1374b3b60fec611       991 B
kept a4_hard_review_run_1495__raw__wf_233429a1-1e1.000.raw.json 37fce62853308de8       768 B
kept a4_hard_review_run_1495__raw__wf_3356d35e-12b.000.raw.json 2736847d24d21c96       993 B
kept a4_hard_review_run_1495__raw__wf_340dd5d1-db6.000.raw.json 9d3b7b94d3779f6c       988 B
kept a4_hard_review_run_1495__raw__wf_41d3923f-464.000.raw.json 0d3c6d30b1acac9f       926 B
kept a4_hard_review_run_1495__raw__wf_42dd6ad9-13a.000.raw.json 2918c1744704d2c7      1165 B
kept a4_hard_review_run_1495__raw__wf_4a7b93c1-da5.000.raw.json 86aae1ab4094fbb9      1821 B
kept a4_hard_review_run_1495__raw__wf_545cfd27-62d.000.raw.json 00e22534faab5da7      1066 B
kept a4_hard_review_run_1495__raw__wf_5d8a2d2c-cb0.000.raw.json 9d3b7b94d3779f6c       988 B
kept a4_hard_review_run_1495__raw__wf_72ffcf73-2a0.000.raw.json bbc5140e7d06ede4       957 B
kept a4_hard_review_run_1495__raw__wf_7dddfbae-895.000.raw.json 61ca8964370fc314       926 B
kept a4_hard_review_run_1495__raw__wf_91cb0595-0fe.000.raw.json b73eeff680d34cc5       976 B
kept a4_hard_review_run_1495__raw__wf_a06ce974-67b.000.raw.json b606d11f691c270a       935 B
kept a4_hard_review_run_1495__raw__wf_b21bad09-ed5.000.raw.json 1d521dd590a95cd0       922 B
kept a4_hard_review_run_1495__raw__wf_b72a5d6e-a75.000.raw.json d162f3cd953cef37       946 B
kept a4_hard_review_run_1495__raw__wf_ba54bf3a-dd7.000.raw.json d0044bda54369173       953 B
kept a4_hard_review_run_1495__raw__wf_be408d2c-6cc.000.raw.json 22ef493bda16e8ff       935 B
kept a4_hard_review_run_1495__raw__wf_d2cb53c6-57b.000.raw.json 3e4c994459378525       922 B
kept a4_hard_review_run_1495__raw__wf_d31f0037-971.000.raw.json 291ad87f05e5dbf7      1945 B
kept a4_hard_review_run_1495__raw__wf_dd814327-41a.000.raw.json 4d292efe999b69f5       923 B
kept a4_hard_review_run_1495__raw__wf_ebe77c5d-1fa.000.raw.json 380b766efa6dab87       922 B
kept a4_hard_review_run_1495__raw__wf_f27057f3-c11.000.raw.json c1374b3b60fec611       991 B
kept a4_hard_review_run_1495__raw__wf_fc2b648d-3dc.000.raw.json 06fa53b97e7e059d       936 B
kept a4_hard_review_run_1495__receipt.json                a5077a0d79b0941e      7102 B
kept a4_hard_review_run_1495__scripts__hrt-000_b1.attempt1.js 7fb7499cb696d9a5     74214 B
kept a4_hard_review_run_1495__scripts__hrt-000_b2.attempt1.js bdca68a218dab6ee     74214 B
kept a4_hard_review_run_1495__scripts__hrt-001_b1.attempt1.js 92df556d081415c7     74094 B
kept a4_hard_review_run_1495__scripts__hrt-001_b2.attempt1.js e439c8be5b236f54     74094 B
kept a4_hard_review_run_1495__scripts__hrt-002_b1.attempt1.js 5ed35358820d70ae     74919 B
kept a4_hard_review_run_1495__scripts__hrt-002_b2.attempt1.js 07aea6f732bcfc23     74919 B
kept a4_hard_review_run_1495__scripts__hrt-003_b1.attempt1.js 600ee3f3a652e514     73091 B
kept a4_hard_review_run_1495__scripts__hrt-003_b2.attempt1.js e27d73aa52fbe8cd     73091 B
kept a4_hard_review_run_1495__scripts__hrt-004_b1.attempt1.js 17280397e30e9f19     77482 B
kept a4_hard_review_run_1495__scripts__hrt-004_b2.attempt1.js 2901659951c0206f     77482 B
kept a4_hard_review_run_1495__scripts__hrt-005_b1.attempt1.js 7fad81af56f936d0     57776 B
kept a4_hard_review_run_1495__scripts__hrt-005_b2.attempt1.js 8168cb331629f8a5     57776 B
kept a4_hard_review_run_1495__scripts__hrt-006_b1.attempt1.js 28c2aa579bbf3d5b     81442 B
kept a4_hard_review_run_1495__scripts__hrt-006_b2.attempt1.js 5a87a475cc73bf1e     81442 B
kept a4_hard_review_run_1495__scripts__hrt-007_b1.attempt1.js 0ed3a315b74de401     81456 B
kept a4_hard_review_run_1495__scripts__hrt-007_b2.attempt1.js b9c54a829b6eac96     81456 B
kept a4_hard_review_run_1495__scripts__hrt-008_b1.attempt1.js 6a5f13cbf470ec36    136371 B
kept a4_hard_review_run_1495__scripts__hrt-008_b2.attempt1.js d84db050422b2e2a    136371 B
kept a4_hard_review_run_1495__scripts__hrt-009_b1.attempt1.js 603e85b434e9c62a     63428 B
kept a4_hard_review_run_1495__scripts__hrt-009_b2.attempt1.js 2657f3656a7123ed     63428 B
kept a4_hard_review_run_1495__scripts__hrt-010_b1.attempt1.js 2907433ec23c8557     52915 B
kept a4_hard_review_run_1495__scripts__hrt-010_b2.attempt1.js c9a7ee253fb8d5a1     52915 B
kept a4_targeted_run_1491__finalization.json              bdbac1e126d35b65      2018 B
kept a4_targeted_run_1491__raw__0000006201-26-000031_001.attempt1.proved.json 5566dfa871eccf1e      3034 B
kept a4_targeted_run_1491__raw__0000006201-26-000031_006.attempt1.proved.json 644365cf456b69d3      2143 B
kept a4_targeted_run_1491__raw__0000006201-26-000031_008.attempt1.proved.json a5059f410ebc2178      2349 B
kept a4_targeted_run_1491__raw__0000027904-26-000022_029.attempt1.proved.json 61b3606410e89e80      2660 B
kept a4_targeted_run_1491__raw__0000092380-26-000044_042.attempt1.proved.json 4b34df48be66997d      2490 B
kept a4_targeted_run_1491__raw__0000940944-26-000005_065.attempt1.proved.json eb27857fcf0519b3      3322 B
kept a4_targeted_run_1491__raw__0000940944-26-000009_068.attempt1.proved.json 2ca4252f0d10bb68      3307 B
kept a4_targeted_run_1491__raw__0000940944-26-000009_072.attempt1.proved.json e95b87e3de91249e      4108 B
kept a4_targeted_run_1491__raw__0001041061-25-000109_075.attempt1.proved.json f221e2eb7bc510f9      4961 B
kept a4_targeted_run_1491__raw__0001104659-26-027061_115.attempt1.proved.json da127a892793bfb4      1949 B
kept a4_targeted_run_1491__raw__0001171843-26-001288_133.attempt1.proved.json cd58a2683bfcc3cc      2396 B
kept a4_targeted_run_1491__raw__wf_151dc0d0-21b.000.raw.json 4b34df48be66997d      2490 B
kept a4_targeted_run_1491__raw__wf_18711197-8f3.000.raw.json a5059f410ebc2178      2349 B
kept a4_targeted_run_1491__raw__wf_1b219d0e-f6f.000.raw.json 5566dfa871eccf1e      3034 B
kept a4_targeted_run_1491__raw__wf_4d457126-2c2.000.raw.json 644365cf456b69d3      2143 B
kept a4_targeted_run_1491__raw__wf_6190a18b-6dc.000.raw.json 61b3606410e89e80      2660 B
kept a4_targeted_run_1491__raw__wf_816056b1-7d0.000.raw.json 2ca4252f0d10bb68      3307 B
kept a4_targeted_run_1491__raw__wf_9b565634-84f.000.raw.json e95b87e3de91249e      4108 B
kept a4_targeted_run_1491__raw__wf_b2e9766c-4b3.000.raw.json eb27857fcf0519b3      3322 B
kept a4_targeted_run_1491__raw__wf_d5a9c34a-271.000.raw.json f221e2eb7bc510f9      4961 B
kept a4_targeted_run_1491__raw__wf_f9443ff9-759.000.raw.json da127a892793bfb4      1949 B
kept a4_targeted_run_1491__raw__wf_ff9f0be4-1c4.000.raw.json cd58a2683bfcc3cc      2396 B
kept a4_targeted_run_1491__receipt.json                   a1f287a7f3bc9dc3      3985 B
kept a4_targeted_run_1491__retry__finalization.json       3e65d39066d56a93      1050 B
kept a4_targeted_run_1491__retry__raw__0000940944-26-000009_072.attempt2.proved.json 937f89d684527248      3987 B
kept a4_targeted_run_1491__retry__raw__wf_cbc7405a-c2d.000.raw.json 937f89d684527248      3987 B
kept a4_targeted_run_1491__retry__receipt.json            04e1d48c79396d97      1518 B
kept a4_targeted_run_1491_launch__01_0000006201-26-000031_001.attempt1.js 4c83f7d201862357     75002 B
kept a4_targeted_run_1491_launch__02_0000006201-26-000031_006.attempt1.js 888ae18756299ec3     75538 B
kept a4_targeted_run_1491_launch__03_0000006201-26-000031_008.attempt1.js 1c1773f0c8c17443     76086 B
kept a4_targeted_run_1491_launch__04_0000027904-26-000022_029.attempt1.js 01c49e8790cd82b8     72990 B
kept a4_targeted_run_1491_launch__05_0000092380-26-000044_042.attempt1.js 89c5fdb2d561fe1c     77390 B
kept a4_targeted_run_1491_launch__06_0000940944-26-000005_065.attempt1.js d9c1ac8ece540ac1     58357 B
kept a4_targeted_run_1491_launch__07_0000940944-26-000009_068.attempt1.js 3871a1430a9ed429     81747 B
kept a4_targeted_run_1491_launch__08_0000940944-26-000009_072.attempt1.js 23361c67480c3da4     81712 B
kept a4_targeted_run_1491_launch__09_0001041061-25-000109_075.attempt1.js c51311703ae07cb7    136264 B
kept a4_targeted_run_1491_launch__10_0001104659-26-027061_115.attempt1.js 5deb70be9f62e8fb     63107 B
kept a4_targeted_run_1491_launch__11_0001171843-26-001288_133.attempt1.js ff34ff7cd6729331     53767 B
kept a4_targeted_run_1491_launch__child_0000940944-26-000009_072.attempt2.js dc308ebabf13a97f     81712 B
kept a7_budget_receipt_1488.json                          f6904a81569b13ea      5553 B
kept a7_budget_receipt_1492.json                          5ffe791f3d7e4d1a      6322 B
kept a7_budget_receipt_1493.json                          20b74a65e6a776f0      6547 B
kept a7_budget_receipt_1496.json                          dca8b5871cec5944      7180 B
kept a7_budget_receipt_1505.json                          9a969ae319c0bdb0      9061 B
kept a7_g1_event_run4__finalization.seg01.json            6d7cf01385a1058d      1672 B
kept a7_g1_event_run4__finalization.seg02.json            f7a87dcf131c7cd3      1570 B
kept a7_g1_event_run4__finalization.seg03.json            6cb1664aba4c1d2b      1876 B
kept a7_g1_event_run4__finalization.seg04.json            e1712c5d28bcffba      1604 B
kept a7_g1_event_run4__finalization.seg05.json            d48f573daec4e28c      1536 B
kept a7_g1_event_run4__finalization.seg06.json            e1883b3a7c4e47b2      1570 B
kept a7_g1_event_run4__finalization.seg07.json            ffdc6afae9f2c70d      1400 B
kept a7_g1_event_run4__root.json                          b491596136682a69     36454 B
kept a7_g1_run3__finalization.seg01.json                  c1cc5150b8e8704d       610 B
kept a7_g1_run3__finalization.seg02.json                  e636a61ee39d54e9      1803 B
kept a7_g1_run3__finalization.seg03.json                  bb26d904129f8d03       712 B
kept a7_g1_run3__finalization.seg04.json                  4e6462649d46a24e       712 B
kept a7_g1_run3__finalization.seg05.json                  8307f8cd1c325f16       712 B
kept a7_g1_run3__finalization.seg06.json                  fefd92377ebf195a       712 B
kept a7_g1_run3__finalization.seg07.json                  9bfabd17e669987e       712 B
kept a7_g1_run3__finalization.seg08.json                  77ee645a93c555ff       712 B
kept a7_g1_run3__finalization.seg09.json                  1ae534ba3e2a0ffe       712 B
kept a7_g1_run3__finalization.seg10.json                  06cb4a5c192f3c43       713 B
kept a7_g1_run3__finalization.seg11.json                  adada43c1d5a62e4       747 B
kept a7_g1_run3__finalization.seg12.json                  80235ce1591e53df       895 B
kept a7_g1_run3__finalization.seg13.json                  1ad0f907d2960799       720 B
kept a7_g1_run3__finalization.seg14.json                  85636f9d32d96ead       713 B
kept a7_g1_run3__finalization.seg15.json                  b8e587302183d23c       713 B
kept a7_g1_run3__finalization.seg16.json                  5821bfbcce7cf21d       713 B
kept a7_g1_run3__finalization.seg17.json                  980d16c77227c6fd       713 B
kept a7_g1_run3__finalization.seg18.json                  c0693e97f1824bf7       713 B
kept a7_g1_run3__finalization.seg19.json                  a14b2147ae5f2491       713 B
kept a7_g1_run3__finalization.seg20.json                  580e9745bcecf609       713 B
kept a7_g1_run3__finalization.seg21.json                  99d46bb20f56bde9       713 B
kept a7_g1_run3__finalization.seg22.json                  805f562b7e71f78e       846 B
kept a7_g1_run3__finalization.seg23.json                  21cdda495eec0f4b       611 B
kept a7_g1_run3__finalization.seg24.json                  702da07e7e8eaa24       713 B
kept a7_g1_run3__finalization.seg25.json                  2341032cd8836e06       713 B
kept a7_g1_run3__finalization.seg26.json                  fd60da4e55edbc39       713 B
kept a7_g2_candidate__a7_g1_candidate.json                21ae14e50050780e     25106 B
kept a7_g3_candidate__a7_g1_candidate.json                53a60ec15228c685     65280 B
kept a7_key_v9_correction.json                            e110c1eb642728c7     35800 B
kept a7_key_v9_gold.json                                  71de3716ecfb12f4    344107 B
kept a7_od1_run__raw__OD1-000__OD1a.attempt1.txt          bd92e19d84341d0c       124 B
kept a7_od1_run__raw__OD1-000__OD1b.attempt1.txt          bd92e19d84341d0c       124 B
kept a7_od1_run__raw__OD1-001__OD1a.attempt1.txt          a7363af9d2541dae       137 B
kept a7_od1_run__raw__OD1-001__OD1b.attempt1.txt          a7363af9d2541dae       137 B
kept a7_od1_run_v2__raw__OD1-000__OD1a.attempt1.txt       bd92e19d84341d0c       124 B
kept a7_od1_run_v2__raw__OD1-000__OD1b.attempt1.txt       bd92e19d84341d0c       124 B
kept a7_od1_run_v2__raw__OD1-001__OD1a.attempt1.txt       e4f117756ff21916        78 B
kept a7_od1_run_v2__raw__OD1-001__OD1b.attempt1.txt       e4f117756ff21916        78 B
kept a7_source_locator_audit_1486.json                    a867227f1e720b7d    135422 B
kept a7_v3_prepared_run_1479__a5_menu_backmap.json        b502407ca9dd4972    761328 B
kept a7_v3_prepared_run_1479__finalization.json           fc572d546cf81b4d     86476 B
kept a7_v3_prepared_run_1479__launch__exp5_a5_0000006201-26-000031.attempt1.js d96553d5eb97b9cc     86805 B
kept a7_v3_prepared_run_1479__launch__exp5_a5_0000006201-26-000032.attempt1.js f70a63ad0133ac09     95530 B
kept a7_v3_prepared_run_1479__launch__exp5_a5_0000027904-26-000013.attempt1.js d4d9f6467dd4feb9    234643 B
kept a7_v3_prepared_run_1479__launch__exp5_a5_0000027904-26-000020.attempt1.js f9d022f3a79fe4a4     92845 B
kept a7_v3_prepared_run_1479__launch__exp5_a5_0000027904-26-000022.attempt1.js 7a4755ca344a9c2c     82406 B
kept a7_v3_prepared_run_1479__launch__exp5_a5_0000063908-26-000032.attempt1.js a0348328aca97b9a     62903 B
kept a7_v3_prepared_run_1479__launch__exp5_a5_0000092380-26-000044.attempt1.js ba827685bdf4cb8c     86804 B
kept a7_v3_prepared_run_1479__launch__exp5_a5_0000764478-25-000057.attempt1.js 79410890016bae4e     90202 B
kept a7_v3_prepared_run_1479__launch__exp5_a5_0000764478-26-000005.attempt1.js 8065a03899e4a35f     42218 B
kept a7_v3_prepared_run_1479__launch__exp5_a5_0000898173-26-000006.attempt1.js 5086dde11033797c     80836 B
kept a7_v3_prepared_run_1479__launch__exp5_a5_0000940944-25-000038.attempt1.js e0d1da8251392b58    224294 B
kept a7_v3_prepared_run_1479__launch__exp5_a5_0000940944-26-000005.attempt1.js ca2ca104d56592c2     66329 B
kept a7_v3_prepared_run_1479__launch__exp5_a5_0000940944-26-000009.attempt1.js efb982f5fa1bc705     91203 B
kept a7_v3_prepared_run_1479__launch__exp5_a5_0001041061-25-000109.attempt1.js 9b416ea23aeec4d4    103600 B
kept a7_v3_prepared_run_1479__launch__exp5_a5_0001041061-26-000003.attempt1.js 383de3ab1a563131    106659 B
kept a7_v3_prepared_run_1479__launch__exp5_a5_0001041061-26-000084.attempt1.js 0ef54b3732fe3ef8    254180 B
kept a7_v3_prepared_run_1479__launch__exp5_a5_0001058090-26-000007.attempt1.js 966f561b654fbe21     77483 B
kept a7_v3_prepared_run_1479__launch__exp5_a5_0001104659-25-102611.attempt1.js dcea81494c7ed865    202426 B
kept a7_v3_prepared_run_1479__launch__exp5_a5_0001104659-25-105631.attempt1.js e66917e64d00f79d     98915 B
kept a7_v3_prepared_run_1479__launch__exp5_a5_0001104659-25-118458.attempt1.js deeb02c11d1c891e     87457 B
kept a7_v3_prepared_run_1479__launch__exp5_a5_0001104659-26-017090.attempt1.js 55484f1ce12cf122     66985 B
kept a7_v3_prepared_run_1479__launch__exp5_a5_0001104659-26-027061.attempt1.js 36385452372f6b8a     77305 B
kept a7_v3_prepared_run_1479__launch__exp5_a5_0001104659-26-032757.attempt1.js baa8bbb569fef989     94558 B
kept a7_v3_prepared_run_1479__launch__exp5_a5_0001171843-26-001288.attempt1.js d1ba2bf034ab4062     63178 B
kept a7_v3_prepared_run_1479__launch__exp5_a5_AAL_2026-04-23T08.30.attempt1.js 8003f969fce432d0    103252 B
kept a7_v3_prepared_run_1479__launch__exp5_a5_BBY_2026-03-03T08.00.attempt1.js 03daf1201fcfa87a    106405 B
kept a7_v3_prepared_run_1479__launch__exp5_a5_CMG_2026-02-03T16.30.attempt1.js e0f50a66987a4d7c    110399 B
kept a7_v3_prepared_run_1479__launch__exp5_a5_DAL_2026-04-08T10.00.attempt1.js c0d1e6ce3bd013ae    105825 B
kept a7_v3_prepared_run_1479__launch__exp5_a5_DRI_2026-03-19T08.30.attempt1.js aa954af38dc29728    130117 B
kept a7_v3_prepared_run_1479__launch__exp5_a5_MCD_2026-02-11T16.30.attempt1.js 5ca277d632b9b6b6    110281 B
kept a7_v3_prepared_run_1479__launch__exp5_a5_ULTA_2026-03-12T16.30.attempt1.js 6b69a8be71a27ed7    105533 B
kept a7_v3_prepared_run_1479__launch__exp5_a5_YUM_2026-02-04T08.15.attempt1.js 52bc7179d4c82ec5    101347 B
kept a7_v3_prepared_run_1479__launch__exp5_a5_bzNews_42014391.attempt1.js 37a53e0073369c19     42569 B
kept a7_v3_prepared_run_1479__launch__exp5_a5_bzNews_49256211.attempt1.js 5f8837630f7aee5f     41262 B
kept a7_v3_prepared_run_1479__launch__exp5_a5_bzNews_50877032.attempt1.js 7351ae77e705f86a     46015 B
kept a7_v3_prepared_run_1479__launch__exp5_a5_bzNews_51962983.attempt1.js 5f2dc71886670e5e     42823 B
kept a7_v3_prepared_run_1479__plan__a5_exp5_reader.manifest.json 804a3b190042244f   1500679 B
kept a7_v3_prepared_run_1479__plan__a5_launcher.bundle.json df7e07d869cd17d9     65309 B
kept a7_v3_prepared_run_1479__plan__launchers_a5__exp5_a5_0000006201-26-000031.workflow.js ee57add03e576124     85435 B
kept a7_v3_prepared_run_1479__plan__launchers_a5__exp5_a5_0000006201-26-000032.workflow.js 64f22b684aba26f0     94526 B
kept a7_v3_prepared_run_1479__plan__launchers_a5__exp5_a5_0000027904-26-000013.workflow.js d0a0cfaa53dd4339    233273 B
kept a7_v3_prepared_run_1479__plan__launchers_a5__exp5_a5_0000027904-26-000020.workflow.js f17e9d70d56be9f9     92085 B
kept a7_v3_prepared_run_1479__plan__launchers_a5__exp5_a5_0000027904-26-000022.workflow.js efb2f04a72c3195f     81646 B
kept a7_v3_prepared_run_1479__plan__launchers_a5__exp5_a5_0000063908-26-000032.workflow.js 0e24384602a489d7     61777 B
kept a7_v3_prepared_run_1479__plan__launchers_a5__exp5_a5_0000092380-26-000044.workflow.js 413f0855207d7ca1     85922 B
kept a7_v3_prepared_run_1479__plan__launchers_a5__exp5_a5_0000764478-25-000057.workflow.js 1dc43a404b27ce58     89320 B
kept a7_v3_prepared_run_1479__plan__launchers_a5__exp5_a5_0000764478-26-000005.workflow.js c841c69217a33a30     41824 B
kept a7_v3_prepared_run_1479__plan__launchers_a5__exp5_a5_0000898173-26-000006.workflow.js ea7f1003eb5bdf19     79588 B
kept a7_v3_prepared_run_1479__plan__launchers_a5__exp5_a5_0000940944-25-000038.workflow.js 9a85d9df488215ed    223290 B
kept a7_v3_prepared_run_1479__plan__launchers_a5__exp5_a5_0000940944-26-000005.workflow.js 5b2a91dd77e6df27     65569 B
kept a7_v3_prepared_run_1479__plan__launchers_a5__exp5_a5_0000940944-26-000009.workflow.js 38009e755ed87e76     90321 B
kept a7_v3_prepared_run_1479__plan__launchers_a5__exp5_a5_0001041061-25-000109.workflow.js 08ed46cfc5cc6f85    102840 B
kept a7_v3_prepared_run_1479__plan__launchers_a5__exp5_a5_0001041061-26-000003.workflow.js d937f7d2b26c15df    105777 B
kept a7_v3_prepared_run_1479__plan__launchers_a5__exp5_a5_0001041061-26-000084.workflow.js 83d76b0ae170351a    252810 B
kept a7_v3_prepared_run_1479__plan__launchers_a5__exp5_a5_0001058090-26-000007.workflow.js 79a9f23a061edecf     76723 B
kept a7_v3_prepared_run_1479__plan__launchers_a5__exp5_a5_0001104659-25-102611.workflow.js ebb70131590e1e45    201422 B
kept a7_v3_prepared_run_1479__plan__launchers_a5__exp5_a5_0001104659-25-105631.workflow.js edb2635048943e8a     98155 B
kept a7_v3_prepared_run_1479__plan__launchers_a5__exp5_a5_0001104659-25-118458.workflow.js 276e6e0d1a34e201     86697 B
kept a7_v3_prepared_run_1479__plan__launchers_a5__exp5_a5_0001104659-26-017090.workflow.js ef959cf2625570f3     66103 B
kept a7_v3_prepared_run_1479__plan__launchers_a5__exp5_a5_0001104659-26-027061.workflow.js 29b92e4721e099a6     75691 B
kept a7_v3_prepared_run_1479__plan__launchers_a5__exp5_a5_0001104659-26-032757.workflow.js 0759a6d937ea2332     93554 B
kept a7_v3_prepared_run_1479__plan__launchers_a5__exp5_a5_0001171843-26-001288.workflow.js 280bd49a97bc7e44     62296 B
kept a7_v3_prepared_run_1479__plan__launchers_a5__exp5_a5_AAL_2026-04-23T08.30.workflow.js 54a56cd20c95c31d    102492 B
kept a7_v3_prepared_run_1479__plan__launchers_a5__exp5_a5_BBY_2026-03-03T08.00.workflow.js ced73af4356522af    105401 B
kept a7_v3_prepared_run_1479__plan__launchers_a5__exp5_a5_CMG_2026-02-03T16.30.workflow.js d277d15778703cc1    109273 B
kept a7_v3_prepared_run_1479__plan__launchers_a5__exp5_a5_DAL_2026-04-08T10.00.workflow.js 0873a08cba3831bd    105065 B
kept a7_v3_prepared_run_1479__plan__launchers_a5__exp5_a5_DRI_2026-03-19T08.30.workflow.js bf11c9ccb12f6930    128991 B
kept a7_v3_prepared_run_1479__plan__launchers_a5__exp5_a5_MCD_2026-02-11T16.30.workflow.js 1261d46c6fe9699a    108667 B
kept a7_v3_prepared_run_1479__plan__launchers_a5__exp5_a5_ULTA_2026-03-12T16.30.workflow.js 66641470dbbf5f02    104251 B
kept a7_v3_prepared_run_1479__plan__launchers_a5__exp5_a5_YUM_2026-02-04T08.15.workflow.js ee55818cab3262b4    100343 B
kept a7_v3_prepared_run_1479__plan__launchers_a5__exp5_a5_bzNews_42014391.workflow.js 905047813323d867     42103 B
kept a7_v3_prepared_run_1479__plan__launchers_a5__exp5_a5_bzNews_49256211.workflow.js 16237c054b6c639b     40898 B
kept a7_v3_prepared_run_1479__plan__launchers_a5__exp5_a5_bzNews_50877032.workflow.js b5f5c358e3ef19c6     45447 B
kept a7_v3_prepared_run_1479__plan__launchers_a5__exp5_a5_bzNews_51962983.workflow.js 7ac6991c298c1407     42459 B
kept a7_v3_prepared_run_1479__raw__00000.attempt1.raw.json 652af1ce454c9162       643 B
kept a7_v3_prepared_run_1479__raw__00001.attempt1.raw.json 7c5687a8b63867d2       641 B
kept a7_v3_prepared_run_1479__raw__00002.attempt1.raw.json f367893a5411682f       440 B
kept a7_v3_prepared_run_1479__raw__00003.attempt1.raw.json 51ee1e49e322b046       936 B
kept a7_v3_prepared_run_1479__raw__00004.attempt1.raw.json b514e128818a2925       541 B
kept a7_v3_prepared_run_1479__raw__00005.attempt1.raw.json fefbab56631e6f24       586 B
kept a7_v3_prepared_run_1479__raw__00006.attempt1.raw.json da9fe6c767fdeb61      1005 B
kept a7_v3_prepared_run_1479__raw__00007.attempt1.raw.json a31020278c410f8a      1182 B
kept a7_v3_prepared_run_1479__raw__00008.attempt1.raw.json bcdbd9efe08803d7       624 B
kept a7_v3_prepared_run_1479__raw__00009.attempt1.raw.json fd3d46ee2dade1c8       838 B
kept a7_v3_prepared_run_1479__raw__00010.attempt1.raw.json 217f76afb3e79235       473 B
kept a7_v3_prepared_run_1479__raw__00011.attempt1.raw.json 217f76afb3e79235       473 B
kept a7_v3_prepared_run_1479__raw__00012.attempt1.raw.json 5e35a3420e6ff326       668 B
kept a7_v3_prepared_run_1479__raw__00013.attempt1.raw.json 86911588cdd2b46e       512 B
kept a7_v3_prepared_run_1479__raw__00014.attempt1.raw.json 0d9b08566e11fe47       687 B
kept a7_v3_prepared_run_1479__raw__00015.attempt1.raw.json 4060826facdc2e26       687 B
kept a7_v3_prepared_run_1479__raw__00016.attempt1.raw.json 542da7ae0dba2229       954 B
kept a7_v3_prepared_run_1479__raw__00017.attempt1.raw.json 542da7ae0dba2229       954 B
kept a7_v3_prepared_run_1479__receipt.json                99c4621be26a6d8e    122825 B
kept scratch__a3_serial_dir.txt                           e29f820a3981e978       187 B
kept scratch__a3_serial_dir.txt                           e29f820a3981e978       187 B
kept scratch__a4_dir.txt                                  63c90444936472cc       176 B
kept scratch__a4_dir.txt                                  63c90444936472cc       176 B
kept scratch__budget_receipt_1508.py                      43cb623295a4a2dc      8878 B
kept scratch__budget_receipt_1508.py                      43cb623295a4a2dc      8878 B
kept scratch__corr_dir.txt                                cc3dac05fe827ff0       173 B
kept scratch__corr_dir.txt                                cc3dac05fe827ff0       173 B
kept scratch__decision_dir.txt                            e25b66c18ea94851       176 B
kept scratch__decision_dir.txt                            e25b66c18ea94851       176 B
kept scratch__final_dir.txt                               a8238d1e7990370f       174 B
kept scratch__final_dir.txt                               a8238d1e7990370f       174 B
kept scratch__final_targeted_binding.json                 d9a5fe296a2633d7      2660 B
kept scratch__final_targeted_binding.json                 d9a5fe296a2633d7      2660 B
kept scratch__final_targeted_dir.txt                      369d25a3bc7e31ea        32 B
kept scratch__final_targeted_dir.txt                      369d25a3bc7e31ea        32 B
kept scratch__hard_review_targeted_binding.json           3ae97054b2ef3e7a      5157 B
kept scratch__hard_review_targeted_binding.json           3ae97054b2ef3e7a      5157 B
kept scratch__hard_review_targeted_dir.txt                959032958f5baeb1        29 B
kept scratch__hard_review_targeted_dir.txt                959032958f5baeb1        29 B
kept scratch__hr_dir.txt                                  927e38ba01b95826       179 B
kept scratch__hr_dir.txt                                  927e38ba01b95826       179 B
kept scratch__hrfix_dir.txt                               51f00b8e61010888       173 B
kept scratch__hrfix_dir.txt                               51f00b8e61010888       173 B
kept scratch__signer_dir.txt                              968afaa8b6963590       172 B
kept scratch__signer_dir.txt                              968afaa8b6963590       172 B
kept scratch__targeted_binding.json                       55f39a34a16f710a      3352 B
kept scratch__targeted_binding.json                       55f39a34a16f710a      3352 B
kept scratch__targeted_dir.txt                            a7005817c9a472da        26 B
kept scratch__targeted_dir.txt                            a7005817c9a472da        26 B
kept scratch__v4_dir.txt                                  cba68f1544e8c9c9       175 B
kept scratch__v4_dir.txt                                  cba68f1544e8c9c9       175 B
kept scratch__v5_dir.txt                                  fab6570f89d9da26       174 B
kept scratch__v5_dir.txt                                  fab6570f89d9da26       174 B
kept scratch__v6_dir.txt                                  3728dc332bf03adc       174 B
kept scratch__v6_dir.txt                                  3728dc332bf03adc       174 B
PRESERVED 350 artifacts
