$ /home/faisal/EventMarketDB/venv/bin/python3 -B -m pytest test_a5_corrected_inventory_1514.py test_a5_final_lock_1513.py test_a5_exp5_kit_1400.py test_a5_contract_1401.py test_a5_launch_gate_1403.py test_a5_route_1406.py test_a5_gate_1469.py test_a1_invalid_response.py test_a1_no_tools.py test_a1_prompt_contract.py test_a1_serial_transport.py --collect-only -q --import-mode=importlib -p no:cacheprovider --no-header
test_a5_corrected_inventory_1514.py::test_the_resolver_selects_the_corrected_inventory_only_on_a_provenance_match
test_a5_corrected_inventory_1514.py::test_one_packet_mismatch_is_reproduced_old_vs_corrected
test_a5_corrected_inventory_1514.py::test_the_full_delta_is_exactly_11_prompts_across_8_launchers
test_a5_corrected_inventory_1514.py::test_the_a5_plan_and_manifest_use_the_corrected_inventory
test_a5_corrected_inventory_1514.py::test_inventory_problems_binds_the_corrected_inventory_to_the_provenance
test_a5_final_lock_1513.py::test_the_kit_binds_the_signed_final_lock_and_its_receipt
test_a5_final_lock_1513.py::test_the_36_sources_derive_from_the_bound_key_identity
test_a5_final_lock_1513.py::test_the_inventory_check_reads_the_lock_bound_frozen_inventory
test_a5_final_lock_1513.py::test_every_lock_drift_refuses_after_a_lawful_control[lock_sha]
test_a5_final_lock_1513.py::test_every_lock_drift_refuses_after_a_lawful_control[lock_missing]
test_a5_final_lock_1513.py::test_every_lock_drift_refuses_after_a_lawful_control[receipt_sha]
test_a5_final_lock_1513.py::test_every_lock_drift_refuses_after_a_lawful_control[identity_byte]
test_a5_final_lock_1513.py::test_every_lock_drift_refuses_after_a_lawful_control[provenance_byte]
test_a5_final_lock_1513.py::test_every_lock_drift_refuses_after_a_lawful_control[unsigned]
test_a5_final_lock_1513.py::test_the_plan_records_the_final_lock_and_no_prompt_exposes_it
test_a5_exp5_kit_1400.py::test_the_a4_lock_binds_and_the_counts_derive
test_a5_exp5_kit_1400.py::test_a4_lock_drift_refuses[sha]
test_a5_exp5_kit_1400.py::test_a4_lock_drift_refuses[missing]
test_a5_exp5_kit_1400.py::test_source_or_order_drift_refuses[reordered]
test_a5_exp5_kit_1400.py::test_source_or_order_drift_refuses[dropped]
test_a5_exp5_kit_1400.py::test_source_or_order_drift_refuses[duplicated]
test_a5_exp5_kit_1400.py::test_only_two_independent_sonnet_high_arms_are_active
test_a5_exp5_kit_1400.py::test_a_lawful_abstention_reply_completes
test_a5_exp5_kit_1400.py::test_a_malformed_top_level_reply_refuses[missing_top_key]
test_a5_exp5_kit_1400.py::test_a_malformed_top_level_reply_refuses[extra_top_key]
test_a5_exp5_kit_1400.py::test_a_malformed_top_level_reply_refuses[wrong_source]
test_a5_exp5_kit_1400.py::test_a_malformed_top_level_reply_refuses[facts_not_list]
test_a5_exp5_kit_1400.py::test_a_malformed_top_level_reply_refuses[both_empty]
test_a5_exp5_kit_1400.py::test_a_malformed_top_level_reply_refuses[both_full]
test_a5_exp5_kit_1400.py::test_the_model_may_not_emit_the_locator
test_a5_exp5_kit_1400.py::test_a_malformed_envelope_refuses[{"source_id":"x","source_id":"y"}]
test_a5_exp5_kit_1400.py::test_a_malformed_envelope_refuses[{"a":NaN}]
test_a5_exp5_kit_1400.py::test_a_malformed_envelope_refuses[{"a":Infinity}]
test_a5_exp5_kit_1400.py::test_a_malformed_envelope_refuses[not json at all]
test_a5_exp5_kit_1400.py::test_plain_and_one_whole_fence_are_equal
test_a5_exp5_kit_1400.py::test_exact_decimals_survive_the_parser
test_a5_exp5_kit_1400.py::test_no_prompt_exposes_the_key_or_the_lock
test_a5_exp5_kit_1400.py::test_the_kit_owner_reaches_no_write_path
test_a5_contract_1401.py::test_all_196_advertise_exactly_the_four_field_contract
test_a5_contract_1401.py::test_every_prompt_carries_the_one_item_role_and_locator_ban
test_a5_contract_1401.py::test_one_byte_identical_prefix_and_payload_order
test_a5_contract_1401.py::test_full_source_bytes_are_preserved
test_a5_contract_1401.py::test_the_bundle_is_runnable_and_pinned
test_a5_contract_1401.py::test_a2_freeze_drift_refuses
test_a5_contract_1401.py::test_the_menu_backmap_reaches_the_plan
test_a5_contract_1401.py::test_a_lawful_fact_completes_with_code_bound_locator
test_a5_contract_1401.py::test_a_lawful_nonempty_continuity_proposal_completes
test_a5_contract_1401.py::test_a_malformed_continuity_refuses
test_a5_contract_1401.py::test_a_bad_fact_sibling_makes_the_WHOLE_item_invalid
test_a5_contract_1401.py::test_the_old_dense_three_field_reply_refuses
test_a5_contract_1401.py::test_exact_decimals_survive_into_a_completed_fact
test_a5_contract_1401.py::test_one_arm_selection_drives_every_call
test_a5_contract_1401.py::test_an_unmapped_lane_refuses
test_a5_contract_1401.py::test_an_inventory_that_is_not_the_locked_one_refuses[reordered]
test_a5_contract_1401.py::test_an_inventory_that_is_not_the_locked_one_refuses[dropped]
test_a5_contract_1401.py::test_an_inventory_that_is_not_the_locked_one_refuses[changed]
test_a5_contract_1401.py::test_the_manifest_binds_bytes_not_sizes
test_a5_contract_1401.py::test_every_one_of_the_196_prompts_reconstructs_from_its_launcher
test_a5_contract_1401.py::test_every_displayed_token_round_trips_through_the_bound_map
test_a5_contract_1401.py::test_the_preparer_arms_only_this_exact_392_call_schedule
test_a5_contract_1401.py::test_the_unarmed_emission_is_labelled_honestly
test_a5_contract_1401.py::test_the_whole_generated_byte_set_double_builds
test_a5_launch_gate_1403.py::test_lawful_prepare_binds_the_exact_persisted_a5_manifest
test_a5_launch_gate_1403.py::test_a_swapped_a5_manifest_arms_zero
test_a5_launch_gate_1403.py::test_a_drifted_a5_manifest_arms_zero
test_a5_launch_gate_1403.py::test_a_missing_output_token_setting_arms_zero
test_a5_launch_gate_1403.py::test_a_wrong_output_token_setting_arms_zero
test_a5_launch_gate_1403.py::test_frozen_source_byte_drift_arms_zero
test_a5_launch_gate_1403.py::test_the_matcher_the_scorer_imports_is_bound
test_a5_launch_gate_1403.py::test_the_active_rows_are_derived_and_cannot_be_invented
test_a5_launch_gate_1403.py::test_an_unknown_active_arm_id_refuses
test_a5_launch_gate_1403.py::test_a_second_prepare_into_the_same_directory_arms_zero
test_a5_route_1406.py::test_a5_public_route_runs_end_to_end_on_all_lawful_reply_shapes
test_a5_route_1406.py::test_a5_route_binds_its_own_plan_and_not_the_kfields_one
test_a5_route_1406.py::test_a5_one_invalid_primary_makes_exactly_one_child_that_closes_durably
test_a5_route_1406.py::test_a5_a_broken_launcher_bundle_refuses_and_keeps_every_paid_row[the pinned bundle's bytes changed-<lambda>]
test_a5_route_1406.py::test_a5_a_broken_launcher_bundle_refuses_and_keeps_every_paid_row[the pinned bundle is gone-<lambda>]
test_a5_route_1406.py::test_a5_a_broken_launcher_bundle_refuses_and_keeps_every_paid_row[a reviewed launcher no longer matches the bundle-<lambda>]
test_a5_route_1406.py::test_a5_the_lawful_receipt_is_contract_clean
test_a5_route_1406.py::test_a5_receipt_identity_mutations_refuse_at_the_contract_owner[the manifest identity is repointed at A1-<lambda>]
test_a5_route_1406.py::test_a5_receipt_identity_mutations_refuse_at_the_contract_owner[the receipt claims a different run-<lambda>]
test_a5_route_1406.py::test_a5_receipt_identity_mutations_refuse_at_the_contract_owner[an invocation's saved scriptPath is another source's-<lambda>]
test_a5_route_1406.py::test_a5_receipt_identity_mutations_refuse_at_the_contract_owner[an invocation's saved args are another source's-<lambda>]
test_a5_route_1406.py::test_a5_receipt_identity_mutations_refuse_at_the_contract_owner[a scheduled call was dropped-<lambda>]
test_a5_route_1406.py::test_a5_receipt_identity_mutations_refuse_at_the_contract_owner[a scheduled call was duplicated-<lambda>]
test_a5_route_1406.py::test_a5_every_protected_pin_refuses_when_its_bytes_move[a1_reader]
test_a5_route_1406.py::test_a5_every_protected_pin_refuses_when_its_bytes_move[contract]
test_a5_route_1406.py::test_a5_every_protected_pin_refuses_when_its_bytes_move[contract_manifest]
test_a5_route_1406.py::test_a5_every_protected_pin_refuses_when_its_bytes_move[inputs_manifest]
test_a5_route_1406.py::test_a5_every_protected_pin_refuses_when_its_bytes_move[protocol]
test_a5_route_1406.py::test_a5_every_protected_pin_refuses_when_its_bytes_move[wrapper]
test_a5_route_1406.py::test_a5_a_plan_that_carries_no_pins_refuses
test_a5_route_1406.py::test_a5_a_drifted_bound_input_refuses_at_the_inventory_owner
test_a5_route_1406.py::test_a5_the_whole_package_rebuilds_byte_for_byte_at_the_same_path
test_a5_gate_1469.py::test_the_persisted_v3_pair_passes_the_shared_gate
test_a5_gate_1469.py::test_the_schedule_is_exactly_392_calls_over_196_packets
test_a5_gate_1469.py::test_every_one_of_the_196_payloads_carries_ITS_OWN_menu_event_and_item
test_a5_gate_1469.py::test_pinning_v1_under_the_current_v3_plan_REFUSES
test_a5_gate_1469.py::test_swapping_two_packet_payloads_REFUSES
test_a5_gate_1469.py::test_a_single_drifted_launcher_byte_REFUSES
test_a5_gate_1469.py::test_the_same_canonical_path_rebuilds_byte_for_byte
test_a5_gate_1469.py::test_only_an_ABSENT_plan_directory_falls_back_to_kfields[absent plan dir (K-fields)-<lambda>-True]
test_a5_gate_1469.py::test_only_an_ABSENT_plan_directory_falls_back_to_kfields[present but EMPTY-<lambda>-False]
test_a5_gate_1469.py::test_only_an_ABSENT_plan_directory_falls_back_to_kfields[malformed json-<lambda>-False]
test_a5_gate_1469.py::test_only_an_ABSENT_plan_directory_falls_back_to_kfields[unrecognised document-<lambda>-False]
test_a5_gate_1469.py::test_two_plans_in_one_directory_are_AMBIGUOUS_and_refuse
test_a5_gate_1469.py::test_a_competing_publication_refuses_and_leaves_the_first_bytes
test_a5_gate_1469.py::test_two_competing_publications_leave_the_winner_untouched
test_a5_gate_1469.py::test_the_loser_writes_no_child_at_all
test_a1_invalid_response.py::test_a_plain_exact_prefix_is_still_accepted
test_a1_invalid_response.py::test_the_exact_official_ellipsized_prefix_is_accepted
test_a1_invalid_response.py::test_every_other_preview_shape_still_refuses[missing]
test_a1_invalid_response.py::test_every_other_preview_shape_still_refuses[non-string]
test_a1_invalid_response.py::test_every_other_preview_shape_still_refuses[empty]
test_a1_invalid_response.py::test_every_other_preview_shape_still_refuses[ellipsis only]
test_a1_invalid_response.py::test_every_other_preview_shape_still_refuses[three dots instead of the marker]
test_a1_invalid_response.py::test_every_other_preview_shape_still_refuses[a wrong character before the marker]
test_a1_invalid_response.py::test_every_other_preview_shape_still_refuses[a wrong prefix entirely]
test_a1_invalid_response.py::test_the_exact_live_reset_is_one_invalid_response_and_nothing_else
test_a1_invalid_response.py::test_a_real_max_token_continuation_is_served_credited_and_clean
test_a1_invalid_response.py::test_every_scheduled_key_gets_exactly_one_terminal_outcome
test_a1_invalid_response.py::test_the_same_topology_with_another_fault_is_fail_closed[tool use]
test_a1_invalid_response.py::test_the_same_topology_with_another_fault_is_fail_closed[wrong first prompt]
test_a1_invalid_response.py::test_the_same_topology_with_another_fault_is_fail_closed[result text mismatch]
test_a1_invalid_response.py::test_audit_to_classification_to_retry_is_the_supported_path
test_a1_invalid_response.py::test_invalid_response_earns_exactly_one_retry_at_attempt_1_and_none_at_2
test_a1_invalid_response.py::test_no_other_outcome_gains_a_retry[integrity_refusal]
test_a1_invalid_response.py::test_no_other_outcome_gains_a_retry[tool_violation]
test_a1_invalid_response.py::test_no_other_outcome_gains_a_retry[duplicate]
test_a1_invalid_response.py::test_no_other_outcome_gains_a_retry[spawned_without_answer]
test_a1_invalid_response.py::test_no_other_outcome_gains_a_retry[unexpected]
test_a1_invalid_response.py::test_the_invalid_answer_retry_is_unchanged
test_a1_invalid_response.py::test_the_outcome_string_has_exactly_one_owner
test_a1_invalid_response.py::test_every_lawful_single_response_marker_shape_is_served[one record ending end_turn-markers0]
test_a1_invalid_response.py::test_every_lawful_single_response_marker_shape_is_served[one record carrying no marker at all-markers1]
test_a1_invalid_response.py::test_every_lawful_single_response_marker_shape_is_served[two records, only the last marked-markers2]
test_a1_invalid_response.py::test_every_lawful_single_response_marker_shape_is_served[two records, both marked end_turn-markers3]
test_a1_invalid_response.py::test_any_non_end_turn_marker_on_one_response_still_refuses[a noncompletion marker on the single response-markers0]
test_a1_invalid_response.py::test_any_non_end_turn_marker_on_one_response_still_refuses[a noncompletion marker on an earlier record-markers1]
test_a1_invalid_response.py::test_any_non_end_turn_marker_on_one_response_still_refuses[an unknown marker-markers2]
test_a1_invalid_response.py::test_text_on_an_earlier_record_of_one_response_still_refuses
test_a1_invalid_response.py::test_a_multi_response_missing_its_final_marker_still_refuses
test_a1_invalid_response.py::test_the_lawful_multi_response_continuation_is_unchanged
test_a1_invalid_response.py::test_the_selector_ignores_a_run_armed_against_another_plan
test_a1_invalid_response.py::test_the_selector_refuses_when_no_run_names_the_plan
test_a1_invalid_response.py::test_the_selector_refuses_when_two_runs_name_the_same_plan
test_a1_invalid_response.py::test_the_selector_ignores_directories_without_a_readable_receipt
test_a1_no_tools.py::test_every_rendered_launcher_defines_and_passes_exactly_the_owner_deny
test_a1_no_tools.py::test_the_plan_transport_claim_comes_from_the_same_owner
test_a1_no_tools.py::test_the_fake_agent_control_sees_the_deny_on_every_actual_call
test_a1_no_tools.py::test_removing_the_deny_from_one_launcher_makes_the_derived_check_refuse
test_a1_prompt_contract.py::test_the_prompt_states_every_live_closed_value[comparison_baseline]
test_a1_prompt_contract.py::test_the_prompt_states_every_live_closed_value[continuity_kind]
test_a1_prompt_contract.py::test_the_prompt_states_every_live_closed_value[driver_state]
test_a1_prompt_contract.py::test_the_prompt_states_every_live_closed_value[lane]
test_a1_prompt_contract.py::test_the_prompt_states_every_live_closed_value[polarity]
test_a1_prompt_contract.py::test_the_prompt_states_every_live_closed_value[sentinel_class]
test_a1_prompt_contract.py::test_the_prompt_states_every_live_closed_value[shape]
test_a1_prompt_contract.py::test_the_prompt_states_every_live_closed_value[slice_kind]
test_a1_prompt_contract.py::test_the_prompt_states_every_live_closed_value[surprise_basis]
test_a1_prompt_contract.py::test_the_prompt_states_every_live_closed_value[time_type]
test_a1_prompt_contract.py::test_the_prompt_states_every_live_closed_value[unit]
test_a1_prompt_contract.py::test_the_prompt_teaches_no_retired_polarity_token
test_a1_prompt_contract.py::test_the_prompt_states_the_period_wire_the_resolver_enforces
test_a1_prompt_contract.py::test_the_prompt_states_each_live_period_range[fiscal_quarter]
test_a1_prompt_contract.py::test_the_prompt_states_each_live_period_range[half]
test_a1_prompt_contract.py::test_the_prompt_states_each_live_period_range[month]
test_a1_prompt_contract.py::test_the_prompt_states_the_long_range_pairing_rule
test_a1_serial_transport.py::test_the_launcher_holds_exactly_one_agent_in_flight
test_a1_serial_transport.py::test_order_and_full_output_survive_the_serial_transport
test_a1_serial_transport.py::test_a_no_answer_retains_its_row_and_launches_nothing_later
test_a1_serial_transport.py::test_every_lane_still_carries_the_pinned_identity_and_deny

172 tests collected in 0.85s

[rc=0]
