$ /home/faisal/EventMarketDB/venv/bin/python3 -B -m pytest test_a5_route_1406.py::test_a5_public_route_runs_end_to_end_on_all_lawful_reply_shapes --import-mode=importlib -p no:cacheprovider -q --no-header -rfE
F                                                                        [100%]
=================================== FAILURES ===================================
_______ test_a5_public_route_runs_end_to_end_on_all_lawful_reply_shapes ________

tmp_path = PosixPath('/tmp/pytest-of-faisal/pytest-0/test_a5_public_route_runs_end_0')

    @TG._needs_node
    def test_a5_public_route_runs_end_to_end_on_all_lawful_reply_shapes(tmp_path):
        """THE CONTROL. prepare -> the RETURNED invocations -> record -> audit ->
        finalize, over every planned call.
    
        SEQ 1405's control was abstention-only. `_a1_replies` covers all three
        lawful branches, so a schema-lawful FACT reply now reaches the finalizer
        through the item/default/menu/source-locator path, and the nonempty
        `continuity_hints` branch is exercised by the SAME existing control rather
        than a duplicate of it.
        """
        fix = _a5_run(tmp_path)
        plan = fix["plan"]
        bodies = [json.loads(fix["replies"][pk["prompt_sha256"]])
                  for pk in plan["packets"]]
        assert any(b["facts"] for b in bodies), "no lawful FACT reply was served"
        assert any(b["continuity_hints"] for b in bodies), \
            "the nonempty continuity_hints branch was never served"
        assert any(b["abstentions"] for b in bodies)
    
        n_calls = _planned_calls(plan)
        assert n_calls == len(fix["prep"]["allowed"]) == 392, n_calls
        out = TG._finalize(fix)
>       assert out["audit_problems"] == [], out["audit_problems"][:5]
E       AssertionError: ["wf_a5_000000620126000031.json: ('0000006201-26-000031#000', '0000006201-26-000031#000/L1'): the prompt actually rece...06201-26-000031#002', '0000006201-26-000031#002/L1'): the prompt actually received is not the manifest's pinned bytes"]
E       assert ['wf_a5_00000...d bytes', ...] == []
E         
E         Left contains 784 more items, first extra item: "wf_a5_000000620126000031.json: ('0000006201-26-000031#000', '0000006201-26-000031#000/L1'): the prompt actually received is not the manifest's pinned bytes"
E         Use -v to get more diff

test_a5_route_1406.py:150: AssertionError
=========================== short test summary info ============================
FAILED test_a5_route_1406.py::test_a5_public_route_runs_end_to_end_on_all_lawful_reply_shapes
1 failed in 5.11s

[rc=1]
