00620126000031.json: ('0000006201-26-000031#000', '0000006201-26-000031#000/L1'): the prompt actually received is not the manifest's pinned bytes"
E         Use -v to get more diff

test_a5_route_1406.py:203: AssertionError
___ test_removing_the_deny_from_one_launcher_makes_the_derived_check_refuse ____

tmp_path = PosixPath('/tmp/pytest-of-faisal/pytest-0/test_removing_the_deny_from_on0')
monkeypatch = <_pytest.monkeypatch.MonkeyPatch object at 0x7ffb09b4b6d0>

    def test_removing_the_deny_from_one_launcher_makes_the_derived_check_refuse(
            tmp_path, monkeypatch):
        """MUTATION: the existing preflight re-derives launcher bytes and compares
        them to what is on disk, so deleting the deny from ONE launcher must be
        refused by the check that already exists - no new proof framework."""
        mirror = str(tmp_path / "harness")
        shutil.copytree(_HERE, mirror,
                        ignore=shutil.ignore_patterns("__pycache__", "runs"))
        victim = sorted(_derived_launcher_texts())[0]
        lp = os.path.join(mirror, "launchers_a1", "kfields_a1_%s.workflow.js" % victim)
        text = io.open(lp, encoding="utf-8").read()
        assert PASSES in text, (
            "the on-disk launcher never passed %s, so there is nothing to remove"
            % PASSES)
        monkeypatch.setattr(blm, "_HERE", mirror)
        env = {blm.OUTPUT_TOKENS_VAR: blm.MAX_OUTPUT_TOKENS_SETTING}
    
        # LAWFUL CONTROL: untouched, no reason may name this launcher. (A mirror
        # re-derives its own launcher paths, so unrelated reasons can exist; the
        # victim's name is what must appear only after the deny is removed.)
        before = blm.preflight(env=env, run_dir=str(tmp_path / "fresh_a"))
>       assert not any(victim in r for r in before), (
            "the control already blamed %s: %s" % (victim, before[:3]))
E       AssertionError: the control already blamed 0000006201-26-000031: ["the bundle's slices is not the derivation: 36 rows vs 36 derived, first difference at index 0", '0000006201-26-000031: the launcher on disk is not the launcher this source derives - wrong or drifted bytes', '0000006201-26-000032: the launcher on disk is not the launcher this source derives - wrong or drifted bytes']
E       assert not True
E        +  where True = any(<generator object test_removing_the_deny_from_one_launcher_makes_the_derived_check_refuse.<locals>.<genexpr> at 0x7ffb0a8c7840>)

test_a1_no_tools.py:125: AssertionError
=========================== short test summary info ============================
FAILED test_a5_launch_gate_1403.py::test_frozen_source_byte_drift_arms_zero
FAILED test_a5_route_1406.py::test_a5_public_route_runs_end_to_end_on_all_lawful_reply_shapes
FAILED test_a5_route_1406.py::test_a5_one_invalid_primary_makes_exactly_one_child_that_closes_durably
FAILED test_a1_no_tools.py::test_removing_the_deny_from_one_launcher_makes_the_derived_check_refuse
4 failed, 168 passed in 148.12s (0:02:28)

[rc=1]

WROTE full_eleven_1760c.log  9760 bytes  rc=1
