COMMAND: /home/faisal/EventMarketDB/venv/bin/python3 -B -m pytest -p no:cacheprovider -q --no-header -rf test_g1_declared_input_1792.py
CWD: /home/faisal/EventMarketDB-driver-recovery/a7_recovery/unit_1792/view/harness_g1v3
--- STDOUT ---
......F....................                                              [100%]
=================================== FAILURES ===================================
________ test_the_forgeries_codex_proved_are_refused[wrong_outer_type] _________

name = 'wrong_outer_type'
tmp_path = PosixPath('/tmp/pytest-of-faisal/pytest-107/test_the_forgeries_codex_prove2')

    @_needs
    @pytest.mark.parametrize("name", sorted(FORGERIES))
    def test_the_forgeries_codex_proved_are_refused(name, tmp_path):
        spec = served_spec()
        agent_id, recs = FORGERIES[name](spec)
>       assert judge(recs, agent_id, spec, tmp_path), "%s must be refused" % name
E       AssertionError: wrong_outer_type must be refused
E       assert []
E        +  where [] = judge([{'agentId': 'a0642230ae87bb728', 'cwd': '/home/faisal/EventMarketDB', 'entrypoint': 'cli', 'gitBranch': 'main', ...},...: 'a0642230ae87bb728', 'apiBlockIndex': 0, 'attributionAgent': 'lean-probe', 'cwd': '/home/faisal/EventMarketDB', ...}], 'a0642230ae87bb728', {'payload_field': 'attachment', 'payload_sha256': '25394a531146690a27fd4db50c37758af8ac9e4f71e307e143fab2fe7bc3abc1', 'record_index': 1, 'record_type': 'attachment'}, PosixPath('/tmp/pytest-of-faisal/pytest-107/test_the_forgeries_codex_prove2'))

test_g1_declared_input_1792.py:246: AssertionError
=========================== short test summary info ============================
FAILED test_g1_declared_input_1792.py::test_the_forgeries_codex_proved_are_refused[wrong_outer_type]
1 failed, 26 passed in 0.17s

--- STDERR ---

--- EXIT ---
1
