copied and verified 58 manifest rows (source and copy equal each row's sha256 and size)
export: 8168 files, candidate inputs 58
== UNIT REPLAY 18:40:05
RESULT MATCH
======================== 34 passed in 84.95s (0:01:24) =========================
== DONE A 18:41:49 adapter=0 tests=0
RESULT MATCH
== DONE B 18:42:06 adapter=0 tests=0
diff rc=0
GATE PASS
== PHASE1 REGRESSION 18:42:07
RESULT MATCH
============================== 7 passed in 27.28s ==============================
== DONE A 18:42:52 adapter=0 tests=0
RESULT MATCH
== DONE B 18:43:10 adapter=0 tests=0
diff rc=0
GATE PASS
== COMPARE 18:43:11
unit A in-place vs export: diff rc=0 (0 lines)
unit B in-place vs export: diff rc=0
phase1 regenerated vs HEAD: 36 files, 2 differ: A_tests.txt reaudit.strace 
== REPLAY DONE 18:43:11 unit=0 phase1=0 cmpA=0 cmpB=0 phase1_diff=2
REPLAY PASS
rc=0
